  parquetv ─── small.parquet                                                                                            
  RootServiceName  STRING  PLAIN, RLE_DICTIONARY  115 B  17 values                                                      
DurationNano          [RootServiceName]             │RootSpanName           Page 0 values  (17 total)                   
INT(64,false)         STRING                        │STRING                       #  value                              
                                                    │                       ─────────────────────────────────────────   
P0 17 177 B           ▸ Page 0                      │P0 17 87 B                   0  pageserver                         
                          rows: 17                  │                             1  pageserver                         
                          min: pageserver           │                             2  pageserver                         
                          max: pageserver           │                             3  pageserver                         
                          size: 82 B                │                             4  pageserver                         
                                                    │                             5  pageserver                         
                                                    │                             6  pageserver                         
                                                    │                             7  pageserver                         
                                                    │                             8  pageserver                         
                                                    │                             9  pageserver                         
                                                    │                            10  pageserver                         
                                                    │                            11  pageserver                         
                                                    │                            12  pageserver                         
                                                    │                            13  pageserver                         
                                                    │                            14  pageserver                         
                                                    │                            15  pageserver                         
                                                    │                            16  pageserver                         
                                                    │                                                                   
                                                    │                                                                   
                                                    │                                                                   
                                                    │                                                                   
                                                    │                                                                   
                                                    │                                                                   
                                                    │                                                                   
  small.parquet › RG 0 › RootServiceName › Page 0          ↑↓ scroll  ctrl+d/u half-page  g/G jump  esc back            