  parquetv ─── small.parquet                                                                                            
  RootServiceName  STRING  PLAIN, RLE_DICTIONARY  115 B  17 values                                                      
Pages                                     │ Page 0 values  (17 total)                                                   
                                          │       #  value                  hex                                         
▸ Page 0                                  │ ──────────────────────────────────────────────────────────────────────────  
    rows: 17                              │       0  pageserver             70 61 67 65 73 65 72 76 65 72               
    min: pageserver                       │       1  pageserver             70 61 67 65 73 65 72 76 65 72               
    max: pageserver                       │       2  pageserver             70 61 67 65 73 65 72 76 65 72               
    size: 82 B                            │       3  pageserver             70 61 67 65 73 65 72 76 65 72               
                                          │       4  pageserver             70 61 67 65 73 65 72 76 65 72               
                                          │       5  pageserver             70 61 67 65 73 65 72 76 65 72               
                                          │       6  pageserver             70 61 67 65 73 65 72 76 65 72               
                                          │       7  pageserver             70 61 67 65 73 65 72 76 65 72               
                                          │       8  pageserver             70 61 67 65 73 65 72 76 65 72               
                                          │       9  pageserver             70 61 67 65 73 65 72 76 65 72               
                                          │      10  pageserver             70 61 67 65 73 65 72 76 65 72               
                                          │      11  pageserver             70 61 67 65 73 65 72 76 65 72               
                                          │      12  pageserver             70 61 67 65 73 65 72 76 65 72               
                                          │      13  pageserver             70 61 67 65 73 65 72 76 65 72               
                                          │      14  pageserver             70 61 67 65 73 65 72 76 65 72               
                                          │      15  pageserver             70 61 67 65 73 65 72 76 65 72               
                                          │      16  pageserver             70 61 67 65 73 65 72 76 65 72               
                                          │                                                                             
                                          │                                                                             
                                          │                                                                             
                                          │                                                                             
                                          │                                                                             
                                          │                                                                             
                                          │                                                                             
  small.parquet › RG 0 › RootServiceName › Page 0          ↑↓ scroll  ctrl+d/u half-page  g/G jump  esc back            