  parquetv ─── small.parquet                                                                                            
  Row Group 0  17 rows  54.7 KB                                                                                         
▸ Row Group 0                         │     Row  StartTimeUnix..   EndTimeUnixN..   DurationNano   [RootServi..]        
    17 rows  54.7 KB                  │ ────── ───────────────── ──────────────── ────────────── ────────────────       
                                      │       0  1778164281655..   177816428165..         270748   pageserver           
────────────────────────────────────  │       1  1778164272224..   177816427222..         454421   pageserver           
  row 0 / 17                          │       2  1778164221609..   177816422161..        1361617   pageserver           
  col: [RootServiceName]              │       3  1778164305517..   177816430551..        1023596   pageserver           
                                      │       4  1778164159841..   177816415984..         395271   pageserver           
  STRING                              │       5  1778164130066..   177816413006..         347945   pageserver           
  82 B  1 pages                       │       6  1778164293730..   177816429373..         511904   pageserver           
  17 values                           │       7  1778164305517..   177816430551..         872463   pageserver           
  per-row: 1.0                        │       8  1778164249815..   177816424981..         268278   pageserver           
                                      │       9  1778164270386..   177816427038..         324451   pageserver           
                                      │      10  1778164236060..   177816423606..         301082   pageserver           
                                      │      11  1778164235168..   177816423516..         311555   pageserver           
                                      │      12  1778164198467..   177816419846..         493452   pageserver           
                                      │      13  1778164216652..   177816421665..         280831   pageserver           
                                      │      14  1778164240300..   177816424030..         296115   pageserver           
                                      │      15  1778164225590..   177816422559..         299900   pageserver           
                                      │      16  1778164252823..   177816425282..        1265375   pageserver           
                                      │                                                                                 
                                      │                                                                                 
                                      │                                                                                 
                                      │                                                                                 
────────────────────────────────────────────────────────────────────────────────────────────────────────────────────────
RootServiceName (row 0)                                                  │ type: STRING  size: 82 B                     
pageserver                                                               │ values: 17  pages: 1  per-row: 1.0           
70 61 67 65 73 65 72 76 65 72                                            │ 10 bytes                                     
  small.parquet › RG 0                           ↑↓ rows  ◂▸ cols  enter pages  f filter  r expand  esc back            